  Determinando los proyectos que se van a restaurar...
  Todos los proyectos están actualizados para la restauración.
  Transport.SharedKernel -> C:\Users\x\Documents\GitHub\transport-api\transport.common\bin\Debug\net8.0\Transport.SharedKernel.dll
  Transport.Domain -> C:\Users\x\Documents\GitHub\transport-api\transport.domain\bin\Debug\net8.0\Transport.Domain.dll
  Transport.Business -> C:\Users\x\Documents\GitHub\transport-api\transport.application\bin\Debug\net8.0\Transport.Business.dll
  Transport.Infraestructure -> C:\Users\x\Documents\GitHub\transport-api\transport.infraestructure\bin\Debug\net8.0\Transport.Infraestructure.dll
  Transport.Tests -> C:\Users\x\Documents\GitHub\transport-api\Transport.Tests\bin\Debug\net8.0\Transport.Tests.dll
Serie de pruebas para C:\Users\x\Documents\GitHub\transport-api\Transport.Tests\bin\Debug\net8.0\Transport.Tests.dll (.NETCoreApp,Version=v8.0)
Versión 17.14.1 (x64) de VSTest

Iniciando la ejecución de pruebas, espere...
1 archivos de prueba en total coincidieron con el patrón especificado.
  Con error Transport.Tests.ReserveReportBusinessTest.GetReserveReport_ShouldReturnOutboundAndReturnWithCorrectOriginDestination_AndPassengersFilter [549 ms]
  Mensaje de error:
   System.NullReferenceException : Object reference not set to an instance of an object.
  Seguimiento de la pila:
     at Transport.Business.ReserveBusiness.ReserveBusiness.<>c__DisplayClass20_0.<GetReserveReport>b__9(Reserve rp) in C:\Users\x\Documents\GitHub\transport-api\transport.application\ReserveBusiness\ReserveBusiness.cs:line 981
   at System.Linq.Utilities.<>c__DisplayClass1_0`1.<CombinePredicates>b__0(TSource x)
   at System.Linq.Enumerable.WhereSelectListIterator`2.ToList()
   at Transport.Business.ReserveBusiness.ReserveBusiness.GetReserveReport(PagedReportRequestDto`1 requestDto) in C:\Users\x\Documents\GitHub\transport-api\transport.application\ReserveBusiness\ReserveBusiness.cs:line 979
   at Transport.Tests.ReserveReportBusinessTest.GetReserveReport_ShouldReturnOutboundAndReturnWithCorrectOriginDestination_AndPassengersFilter() in C:\Users\x\Documents\GitHub\transport-api\Transport.Tests\ReserveReportBusinessTest.cs:line 443
--- End of stack trace from previous location ---
  Con error Transport.Tests.ReserveReportBusinessTest.GetAvailableReserves_ShouldFilterReturnTrips_CorrectlyConsideringCapacity [9 ms]
  Mensaje de error:
   System.NullReferenceException : Object reference not set to an instance of an object.
  Seguimiento de la pila:
     at Transport.Business.ReserveBusiness.ReserveBusiness.<>c__DisplayClass20_0.<GetReserveReport>b__9(Reserve rp) in C:\Users\x\Documents\GitHub\transport-api\transport.application\ReserveBusiness\ReserveBusiness.cs:line 981
   at System.Linq.Utilities.<>c__DisplayClass1_0`1.<CombinePredicates>b__0(TSource x)
   at System.Linq.Enumerable.WhereSelectListIterator`2.ToList()
   at Transport.Business.ReserveBusiness.ReserveBusiness.GetReserveReport(PagedReportRequestDto`1 requestDto) in C:\Users\x\Documents\GitHub\transport-api\transport.application\ReserveBusiness\ReserveBusiness.cs:line 979
   at Transport.Tests.ReserveReportBusinessTest.GetAvailableReserves_ShouldFilterReturnTrips_CorrectlyConsideringCapacity() in C:\Users\x\Documents\GitHub\transport-api\Transport.Tests\ReserveReportBusinessTest.cs:line 653
--- End of stack trace from previous location ---
  Con error Transport.Tests.ReserveReportBusinessTest.GetAvailableReserves_ShouldReturnEmpty_WhenNotEnoughCapacityForPassengers [9 ms]
  Mensaje de error:
   System.NullReferenceException : Object reference not set to an instance of an object.
  Seguimiento de la pila:
     at Transport.Business.ReserveBusiness.ReserveBusiness.<>c__DisplayClass20_0.<GetReserveReport>b__9(Reserve rp) in C:\Users\x\Documents\GitHub\transport-api\transport.application\ReserveBusiness\ReserveBusiness.cs:line 981
   at System.Linq.Utilities.<>c__DisplayClass1_0`1.<CombinePredicates>b__0(TSource x)
   at System.Linq.Enumerable.WhereSelectListIterator`2.ToList()
   at Transport.Business.ReserveBusiness.ReserveBusiness.GetReserveReport(PagedReportRequestDto`1 requestDto) in C:\Users\x\Documents\GitHub\transport-api\transport.application\ReserveBusiness\ReserveBusiness.cs:line 979
   at Transport.Tests.ReserveReportBusinessTest.GetAvailableReserves_ShouldReturnEmpty_WhenNotEnoughCapacityForPassengers() in C:\Users\x\Documents\GitHub\transport-api\Transport.Tests\ReserveReportBusinessTest.cs:line 543
--- End of stack trace from previous location ---
  Con error Transport.Tests.ServiceBusinessTests.ServiceBusinessTests.Create_ShouldFail_WhenOriginCityNotFound [44 ms]
  Mensaje de error:
   System.NullReferenceException : Object reference not set to an instance of an object.
  Seguimiento de la pila:
     at Transport.Business.ServiceBusiness.ServiceBusiness.Create(ServiceCreateRequestDto requestDto) in C:\Users\x\Documents\GitHub\transport-api\transport.application\ServiceBusiness\ServiceBusiness.cs:line 82
   at Transport.Tests.ServiceBusinessTests.ServiceBusinessTests.Create_ShouldFail_WhenOriginCityNotFound() in C:\Users\x\Documents\GitHub\transport-api\Transport.Tests\ServiceBusinessTest.cs:line 145
--- End of stack trace from previous location ---
  Con error Transport.Tests.ReserveBusinessTests.ReserveBusinessTests.CreatePassengerReserves_Payments_ParentChildLogic_Works(reserveCount: 1, paymentCount: 2) [198 ms]
  Mensaje de error:
   System.NullReferenceException : Object reference not set to an instance of an object.
  Seguimiento de la pila:
     at Transport.Business.ReserveBusiness.ReserveBusiness.<>c__DisplayClass9_0.<<CreatePassengerReserves>b__0>d.MoveNext() in C:\Users\x\Documents\GitHub\transport-api\transport.application\ReserveBusiness\ReserveBusiness.cs:line 201
--- End of stack trace from previous location ---
   at Transport.Business.ReserveBusiness.ReserveBusiness.CreatePassengerReserves(PassengerReserveCreateRequestWrapperDto passengerReserves) in C:\Users\x\Documents\GitHub\transport-api\transport.application\ReserveBusiness\ReserveBusiness.cs:line 141
   at Transport.Tests.ReserveBusinessTests.ReserveBusinessTests.CreatePassengerReserves_Payments_ParentChildLogic_Works(Int32 reserveCount, Int32 paymentCount) in C:\Users\x\Documents\GitHub\transport-api\Transport.Tests\ReserveBusinessTest.cs:line 260
--- End of stack trace from previous location ---
  Con error Transport.Tests.ReserveBusinessTests.ReserveBusinessTests.CreatePassengerReserves_Payments_ParentChildLogic_Works(reserveCount: 2, paymentCount: 1) [23 ms]
  Mensaje de error:
   System.NullReferenceException : Object reference not set to an instance of an object.
  Seguimiento de la pila:
     at Transport.Business.ReserveBusiness.ReserveBusiness.<>c__DisplayClass9_0.<<CreatePassengerReserves>b__0>d.MoveNext() in C:\Users\x\Documents\GitHub\transport-api\transport.application\ReserveBusiness\ReserveBusiness.cs:line 201
--- End of stack trace from previous location ---
   at Transport.Business.ReserveBusiness.ReserveBusiness.CreatePassengerReserves(PassengerReserveCreateRequestWrapperDto passengerReserves) in C:\Users\x\Documents\GitHub\transport-api\transport.application\ReserveBusiness\ReserveBusiness.cs:line 141
   at Transport.Tests.ReserveBusinessTests.ReserveBusinessTests.CreatePassengerReserves_Payments_ParentChildLogic_Works(Int32 reserveCount, Int32 paymentCount) in C:\Users\x\Documents\GitHub\transport-api\Transport.Tests\ReserveBusinessTest.cs:line 260
--- End of stack trace from previous location ---
  Con error Transport.Tests.ReserveBusinessTests.ReserveBusinessTests.CreatePassengerReserves_Payments_ParentChildLogic_Works(reserveCount: 2, paymentCount: 2) [13 ms]
  Mensaje de error:
   System.NullReferenceException : Object reference not set to an instance of an object.
  Seguimiento de la pila:
     at Transport.Business.ReserveBusiness.ReserveBusiness.<>c__DisplayClass9_0.<<CreatePassengerReserves>b__0>d.MoveNext() in C:\Users\x\Documents\GitHub\transport-api\transport.application\ReserveBusiness\ReserveBusiness.cs:line 201
--- End of stack trace from previous location ---
   at Transport.Business.ReserveBusiness.ReserveBusiness.CreatePassengerReserves(PassengerReserveCreateRequestWrapperDto passengerReserves) in C:\Users\x\Documents\GitHub\transport-api\transport.application\ReserveBusiness\ReserveBusiness.cs:line 141
   at Transport.Tests.ReserveBusinessTests.ReserveBusinessTests.CreatePassengerReserves_Payments_ParentChildLogic_Works(Int32 reserveCount, Int32 paymentCount) in C:\Users\x\Documents\GitHub\transport-api\Transport.Tests\ReserveBusinessTest.cs:line 260
--- End of stack trace from previous location ---
  Con error Transport.Tests.ReserveBusinessTests.ReserveBusinessTests.CreatePassengerReserves_Payments_ParentChildLogic_Works(reserveCount: 2, paymentCount: 3) [16 ms]
  Mensaje de error:
   System.NullReferenceException : Object reference not set to an instance of an object.
  Seguimiento de la pila:
     at Transport.Business.ReserveBusiness.ReserveBusiness.<>c__DisplayClass9_0.<<CreatePassengerReserves>b__0>d.MoveNext() in C:\Users\x\Documents\GitHub\transport-api\transport.application\ReserveBusiness\ReserveBusiness.cs:line 201
--- End of stack trace from previous location ---
   at Transport.Business.ReserveBusiness.ReserveBusiness.CreatePassengerReserves(PassengerReserveCreateRequestWrapperDto passengerReserves) in C:\Users\x\Documents\GitHub\transport-api\transport.application\ReserveBusiness\ReserveBusiness.cs:line 141
   at Transport.Tests.ReserveBusinessTests.ReserveBusinessTests.CreatePassengerReserves_Payments_ParentChildLogic_Works(Int32 reserveCount, Int32 paymentCount) in C:\Users\x\Documents\GitHub\transport-api\Transport.Tests\ReserveBusinessTest.cs:line 260
--- End of stack trace from previous location ---
  Con error Transport.Tests.ReserveBusinessTests.ReserveBusinessTests.CreatePassengerReserves_Payments_ParentChildLogic_Works(reserveCount: 1, paymentCount: 1) [17 ms]
  Mensaje de error:
   System.NullReferenceException : Object reference not set to an instance of an object.
  Seguimiento de la pila:
     at Transport.Business.ReserveBusiness.ReserveBusiness.<>c__DisplayClass9_0.<<CreatePassengerReserves>b__0>d.MoveNext() in C:\Users\x\Documents\GitHub\transport-api\transport.application\ReserveBusiness\ReserveBusiness.cs:line 201
--- End of stack trace from previous location ---
   at Transport.Business.ReserveBusiness.ReserveBusiness.CreatePassengerReserves(PassengerReserveCreateRequestWrapperDto passengerReserves) in C:\Users\x\Documents\GitHub\transport-api\transport.application\ReserveBusiness\ReserveBusiness.cs:line 141
   at Transport.Tests.ReserveBusinessTests.ReserveBusinessTests.CreatePassengerReserves_Payments_ParentChildLogic_Works(Int32 reserveCount, Int32 paymentCount) in C:\Users\x\Documents\GitHub\transport-api\Transport.Tests\ReserveBusinessTest.cs:line 260
--- End of stack trace from previous location ---
  Con error Transport.Tests.ServiceBusinessTests.ServiceBusinessTests.Create_ShouldFail_WhenDestinationCityNotFound [10 ms]
  Mensaje de error:
   System.NullReferenceException : Object reference not set to an instance of an object.
  Seguimiento de la pila:
     at Transport.Business.ServiceBusiness.ServiceBusiness.Create(ServiceCreateRequestDto requestDto) in C:\Users\x\Documents\GitHub\transport-api\transport.application\ServiceBusiness\ServiceBusiness.cs:line 82
   at Transport.Tests.ServiceBusinessTests.ServiceBusinessTests.Create_ShouldFail_WhenDestinationCityNotFound() in C:\Users\x\Documents\GitHub\transport-api\Transport.Tests\ServiceBusinessTest.cs:line 177
--- End of stack trace from previous location ---
  Con error Transport.Tests.ReserveBusinessTests.ReserveBusinessTests.CreatePassengerReservesExternal_IdaYVuelta_CreatesParentAndChildPayments [54 ms]
  Mensaje de error:
   System.NullReferenceException : Object reference not set to an instance of an object.
  Seguimiento de la pila:
     at Transport.Business.ReserveBusiness.ReserveBusiness.CreatePassengerReservesExternalCore(PassengerReserveCreateRequestWrapperExternalDto dto) in C:\Users\x\Documents\GitHub\transport-api\transport.application\ReserveBusiness\ReserveBusiness.cs:line 411
   at Transport.Business.ReserveBusiness.ReserveBusiness.<>c__DisplayClass10_0.<<CreatePassengerReservesExternal>b__0>d.MoveNext() in C:\Users\x\Documents\GitHub\transport-api\transport.application\ReserveBusiness\ReserveBusiness.cs:line 345
--- End of stack trace from previous location ---
   at Transport.Tests.ReserveBusinessTests.ReserveBusinessTests.<>c.<<CreatePassengerReservesExternal_IdaYVuelta_CreatesParentAndChildPayments>b__13_15>d.MoveNext() in C:\Users\x\Documents\GitHub\transport-api\Transport.Tests\ReserveBusinessTest.cs:line 475
--- End of stack trace from previous location ---
   at Transport.Business.ReserveBusiness.ReserveBusiness.CreatePassengerReservesExternal(PassengerReserveCreateRequestWrapperExternalDto dto) in C:\Users\x\Documents\GitHub\transport-api\transport.application\ReserveBusiness\ReserveBusiness.cs:line 343
   at Transport.Tests.ReserveBusinessTests.ReserveBusinessTests.CreatePassengerReservesExternal_IdaYVuelta_CreatesParentAndChildPayments() in C:\Users\x\Documents\GitHub\transport-api\Transport.Tests\ReserveBusinessTest.cs:line 484
--- End of stack trace from previous location ---
  Con error Transport.Tests.ReserveBusinessTests.ReserveBusinessTests.CreatePassengerReserves_WithPayment_ShouldSetCorrectStatus_BasedOnReserveDateTime [13 ms]
  Mensaje de error:
   System.NullReferenceException : Object reference not set to an instance of an object.
  Seguimiento de la pila:
     at Transport.Business.ReserveBusiness.ReserveBusiness.<>c__DisplayClass9_0.<<CreatePassengerReserves>b__0>d.MoveNext() in C:\Users\x\Documents\GitHub\transport-api\transport.application\ReserveBusiness\ReserveBusiness.cs:line 201
--- End of stack trace from previous location ---
   at Transport.Business.ReserveBusiness.ReserveBusiness.CreatePassengerReserves(PassengerReserveCreateRequestWrapperDto passengerReserves) in C:\Users\x\Documents\GitHub\transport-api\transport.application\ReserveBusiness\ReserveBusiness.cs:line 141
   at Transport.Tests.ReserveBusinessTests.ReserveBusinessTests.CreatePassengerReserves_WithPayment_ShouldSetCorrectStatus_BasedOnReserveDateTime() in C:\Users\x\Documents\GitHub\transport-api\Transport.Tests\ReserveBusinessTest.cs:line 1417
--- End of stack trace from previous location ---
  Con error Transport.Tests.ReserveBusinessTests.ReserveBusinessTests.CreatePassengerReserves_MultipleReservesSameDay_ShouldAssignPaymentToEarliest [18 ms]
  Mensaje de error:
   System.NullReferenceException : Object reference not set to an instance of an object.
  Seguimiento de la pila:
     at Transport.Business.ReserveBusiness.ReserveBusiness.<>c__DisplayClass9_0.<<CreatePassengerReserves>b__0>d.MoveNext() in C:\Users\x\Documents\GitHub\transport-api\transport.application\ReserveBusiness\ReserveBusiness.cs:line 201
--- End of stack trace from previous location ---
   at Transport.Business.ReserveBusiness.ReserveBusiness.CreatePassengerReserves(PassengerReserveCreateRequestWrapperDto passengerReserves) in C:\Users\x\Documents\GitHub\transport-api\transport.application\ReserveBusiness\ReserveBusiness.cs:line 141
   at Transport.Tests.ReserveBusinessTests.ReserveBusinessTests.CreatePassengerReserves_MultipleReservesSameDay_ShouldAssignPaymentToEarliest() in C:\Users\x\Documents\GitHub\transport-api\Transport.Tests\ReserveBusinessTest.cs:line 1757
--- End of stack trace from previous location ---
  Con error Transport.Tests.ReserveBusinessTests.ReserveBusinessTests.CreatePassengerReservesWithLock_ShouldSucceed_WithValidLock [21 ms]
  Mensaje de error:
   System.NullReferenceException : Object reference not set to an instance of an object.
  Seguimiento de la pila:
     at Transport.Business.ReserveBusiness.ReserveBusiness.CreatePassengerReservesExternalCore(PassengerReserveCreateRequestWrapperExternalDto dto) in C:\Users\x\Documents\GitHub\transport-api\transport.application\ReserveBusiness\ReserveBusiness.cs:line 411
   at Transport.Business.ReserveBusiness.ReserveBusiness.<>c__DisplayClass27_0.<<CreatePassengerReservesWithLock>b__0>d.MoveNext() in C:\Users\x\Documents\GitHub\transport-api\transport.application\ReserveBusiness\ReserveBusiness.cs:line 1588
--- End of stack trace from previous location ---
   at Transport.Business.ReserveBusiness.ReserveBusiness.CreatePassengerReservesWithLock(CreateReserveWithLockRequestDto request) in C:\Users\x\Documents\GitHub\transport-api\transport.application\ReserveBusiness\ReserveBusiness.cs:line 1561
   at Transport.Tests.ReserveBusinessTests.ReserveBusinessTests.CreatePassengerReservesWithLock_ShouldSucceed_WithValidLock() in C:\Users\x\Documents\GitHub\transport-api\Transport.Tests\ReserveBusinessTest.cs:line 1049
--- End of stack trace from previous location ---
  Con error Transport.Tests.ReserveBusinessTests.ReserveBusinessTests.CreatePassengerReserves_IdaYVuelta_WithPayment_ShouldAssignPaymentToEarliestReserve [13 ms]
  Mensaje de error:
   System.NullReferenceException : Object reference not set to an instance of an object.
  Seguimiento de la pila:
     at Transport.Business.ReserveBusiness.ReserveBusiness.<>c__DisplayClass9_0.<<CreatePassengerReserves>b__0>d.MoveNext() in C:\Users\x\Documents\GitHub\transport-api\transport.application\ReserveBusiness\ReserveBusiness.cs:line 201
--- End of stack trace from previous location ---
   at Transport.Business.ReserveBusiness.ReserveBusiness.CreatePassengerReserves(PassengerReserveCreateRequestWrapperDto passengerReserves) in C:\Users\x\Documents\GitHub\transport-api\transport.application\ReserveBusiness\ReserveBusiness.cs:line 141
   at Transport.Tests.ReserveBusinessTests.ReserveBusinessTests.CreatePassengerReserves_IdaYVuelta_WithPayment_ShouldAssignPaymentToEarliestReserve() in C:\Users\x\Documents\GitHub\transport-api\Transport.Tests\ReserveBusinessTest.cs:line 1586
--- End of stack trace from previous location ---

Con error! - Con error:    15, Superado:   102, Omitido:     0, Total:   117, Duración: 7 s - Transport.Tests.dll (net8.0)
